chr1	1	2	+	+	+
chr1	3	3	+	+	+
chr1	4	5	+	+	+
chr1	6	7	+	+	+
chr1	8	8	+	+	+
chr2	10	15	+	+	+
chr2	16	16	+	+	+
chr2	17	20	+	+	+
chr2	21	30	+	+	+
chr3	50	59	+	+	+
chr3	60	60	+	+	+
chr3	61	64	+	+	+
chr3	65	67	+	+	+
chr3	68	70	+	+	+
chr4	100	104	+	+
chr4	105	110	+	+
chr5	200	205	+
