chr1	10000	10003	t2	0	+	0
chr1	10000	10004	t2	1	+	1
chr1	10000	10005	t2	1	+	1
chr1	10000	10010	t1	2	-	2
chr1	10002	10010	t2	2	-	2
chr1	10002	10010	t2	3	+	3
chr1	10003	10010	t2	2	+	2
chr1	10003	10010	t2	2	-	2
chr1	10004	10009	t2	1	-	1
chr1	10004	10009	t2	1	+	1
chr1	10004	10009	t2	1	+	1
chr1	10010	10012	t2	0	-	0
